2023/10/21 16:21:16 /Users/yona/Downloads/awesomeProject/log.go:21: Exit open oredfakfaj: no such file or directory
2023/10/21 16:21:18 /Users/yona/Downloads/awesomeProject/log.go:21: Exit open oredfakfaj: no such file or directory
2023/10/21 16:29:04 /Users/yona/Downloads/awesomeProject/log.go:21: Exit open oredfakfaj: no such file or directory
